---
http_interactions:
- request:
    method: get
    uri: https://www.googleapis.com/calendar/v3/calendars/primary/events?orderBy=startTime&singleEvents=true&timeMax=2020-04-14T13:31:31-07:00&timeMin=2020-04-13T13:31:31-07:00
    body:
      encoding: UTF-8
      string: ''
    headers:
      User-Agent:
      - Treat Yo Self/0.0.0 google-api-ruby-client/0.37.3 Mac OS X/10.15.2 (gzip)
      Accept:
      - "*/*"
      Accept-Encoding:
      - gzip,deflate
      Date:
      - Wed, 15 Apr 2020 02:39:09 GMT
      X-Goog-Api-Client:
      - gl-ruby/2.6.3 gdcl/0.37.3
      Authorization:
      - Bearer GOOGLE_TOKEN
      Content-Type:
      - application/x-www-form-urlencoded
  response:
    status:
      code: 200
      message: OK
    headers:
      Expires:
      - Wed, 15 Apr 2020 02:39:09 GMT
      Date:
      - Wed, 15 Apr 2020 02:39:09 GMT
      Cache-Control:
      - private, max-age=0, must-revalidate, no-transform
      Vary:
      - Origin
      - X-Origin
      Content-Type:
      - application/json; charset=UTF-8
      Content-Encoding:
      - gzip
      X-Content-Type-Options:
      - nosniff
      X-Frame-Options:
      - SAMEORIGIN
      Content-Security-Policy:
      - frame-ancestors 'self'
      X-Xss-Protection:
      - 1; mode=block
      Server:
      - GSE
      Alt-Svc:
      - quic=":443"; ma=2592000; v="46,43",h3-Q050=":443"; ma=2592000,h3-Q049=":443";
        ma=2592000,h3-Q048=":443"; ma=2592000,h3-Q046=":443"; ma=2592000,h3-Q043=":443";
        ma=2592000,h3-T050=":443"; ma=2592000
      Transfer-Encoding:
      - chunked
    body:
      encoding: UTF-8
      string: |
        {
         "kind": "calendar#events",
         "etag": "\"p33c8t7cum7kug0g\"",
         "summary": "tyladevon@gmail.com",
         "updated": "2020-04-15T02:28:53.255Z",
         "timeZone": "America/Denver",
         "accessRole": "owner",
         "defaultReminders": [
          {
           "method": "popup",
           "minutes": 30
          }
         ],
         "items": [
          {
           "kind": "calendar#event",
           "etag": "\"3169350920812000\"",
           "id": "57nfi5bhl1bcdmc7sj51qmgm6d",
           "status": "confirmed",
           "htmlLink": "https://www.google.com/calendar/event?eid=NTduZmk1YmhsMWJjZG1jN3NqNTFxbWdtNmQgdHlsYWRldm9uQG0",
           "created": "2020-03-13T01:51:50.000Z",
           "updated": "2020-03-20T03:37:40.406Z",
           "summary": "BVSD school cancelled due to virus",
           "colorId": "5",
           "creator": {
            "email": "tyladevon@gmail.com",
            "self": true
           },
           "organizer": {
            "email": "tyladevon@gmail.com",
            "self": true
           },
           "start": {
            "date": "2020-03-13"
           },
           "end": {
            "date": "2020-04-18"
           },
           "transparency": "transparent",
           "iCalUID": "57nfi5bhl1bcdmc7sj51qmgm6d@google.com",
           "sequence": 0,
           "reminders": {
            "useDefault": false
           }
          },
          {
           "kind": "calendar#event",
           "etag": "\"3173733937150000\"",
           "id": "7kj9ks60evl2kctk6v8pqhrhj9",
           "status": "confirmed",
           "htmlLink": "https://www.google.com/calendar/event?eid=N2tqOWtzNjBldmwya2N0azZ2OHBxaHJoajkgdHlsYWRldm9uQG0",
           "created": "2020-04-14T12:22:48.000Z",
           "updated": "2020-04-14T12:22:48.575Z",
           "summary": "Practice interview questions/Twitter",
           "creator": {
            "email": "tyladevon@gmail.com",
            "self": true
           },
           "organizer": {
            "email": "tyladevon@gmail.com",
            "self": true
           },
           "start": {
            "dateTime": "2020-04-13T20:00:00-06:00"
           },
           "end": {
            "dateTime": "2020-04-13T21:00:00-06:00"
           },
           "iCalUID": "7kj9ks60evl2kctk6v8pqhrhj9@google.com",
           "sequence": 0,
           "reminders": {
            "useDefault": true
           }
          },
          {
           "kind": "calendar#event",
           "etag": "\"3173741974370000\"",
           "id": "44t3f507cdrjrqjgmvlgko2174",
           "status": "confirmed",
           "htmlLink": "https://www.google.com/calendar/event?eid=NDR0M2Y1MDdjZHJqcnFqZ212bGdrbzIxNzQgdHlsYWRldm9uQG0",
           "created": "2020-04-14T12:23:06.000Z",
           "updated": "2020-04-14T13:29:47.185Z",
           "summary": "GU Slides/Twitter practice",
           "creator": {
            "email": "tyladevon@gmail.com",
            "self": true
           },
           "organizer": {
            "email": "tyladevon@gmail.com",
            "self": true
           },
           "start": {
            "dateTime": "2020-04-14T06:30:00-06:00"
           },
           "end": {
            "dateTime": "2020-04-14T08:30:00-06:00"
           },
           "iCalUID": "44t3f507cdrjrqjgmvlgko2174@google.com",
           "sequence": 0,
           "reminders": {
            "useDefault": true
           }
          },
          {
           "kind": "calendar#event",
           "etag": "\"3173787351100000\"",
           "id": "4gv4h00grhncata4oa31u033nb_20200414T200000Z",
           "status": "confirmed",
           "htmlLink": "https://www.google.com/calendar/event?eid=NGd2NGgwMGdyaG5jYXRhNG9hMzF1MDMzbmJfMjAyMDA0MTRUMjAwMDAwWiB0eWxhZGV2b25AbQ",
           "created": "2020-04-02T16:26:41.000Z",
           "updated": "2020-04-14T19:47:55.550Z",
           "summary": "Luna reading meeting",
           "colorId": "4",
           "creator": {
            "email": "tyladevon@gmail.com",
            "self": true
           },
           "organizer": {
            "email": "tyladevon@gmail.com",
            "self": true
           },
           "start": {
            "dateTime": "2020-04-14T10:00:00-06:00",
            "timeZone": "America/Denver"
           },
           "end": {
            "dateTime": "2020-04-14T10:30:00-06:00",
            "timeZone": "America/Denver"
           },
           "recurringEventId": "4gv4h00grhncata4oa31u033nb",
           "originalStartTime": {
            "dateTime": "2020-04-14T14:00:00-06:00",
            "timeZone": "America/Denver"
           },
           "iCalUID": "4gv4h00grhncata4oa31u033nb@google.com",
           "sequence": 2,
           "reminders": {
            "useDefault": true
           }
          },
          {
           "kind": "calendar#event",
           "etag": "\"3173787373918000\"",
           "id": "7om2323af5t2vrbvnq4rhi9go0",
           "status": "confirmed",
           "htmlLink": "https://www.google.com/calendar/event?eid=N29tMjMyM2FmNXQydnJidm5xNHJoaTlnbzAgdHlsYWRldm9uQG0",
           "created": "2020-04-10T19:38:46.000Z",
           "updated": "2020-04-14T19:48:06.959Z",
           "summary": "Meet with Brian/Twitter",
           "creator": {
            "email": "tyladevon@gmail.com",
            "self": true
           },
           "organizer": {
            "email": "tyladevon@gmail.com",
            "self": true
           },
           "start": {
            "dateTime": "2020-04-14T14:15:00-06:00"
           },
           "end": {
            "dateTime": "2020-04-14T15:00:00-06:00"
           },
           "iCalUID": "7om2323af5t2vrbvnq4rhi9go0@google.com",
           "sequence": 1,
           "reminders": {
            "useDefault": true
           }
          }
         ]
        }
    http_version: null
  recorded_at: Wed, 15 Apr 2020 02:39:09 GMT
- request:
    method: post
    uri: https://www.googleapis.com/calendar/v3/calendars/primary/events
    body:
      encoding: UTF-8
      string: '{"description":"Treat Yo Self","end":{"dateTime":"2020-04-13T14:00:00+00:00","timeZone":"America/Denver"},"reminders":{"overrides":[{"method":"email","minutes":1440},{"method":"popup","minutes":1440},{"method":"popup","minutes":60}],"useDefault":false},"start":{"dateTime":"2020-04-13T13:00:00+00:00","timeZone":"America/Denver"},"summary":"Treat
        Yo Self to: Swimming"}'
    headers:
      User-Agent:
      - Treat Yo Self/0.0.0 google-api-ruby-client/0.37.3 Mac OS X/10.15.2 (gzip)
      Accept:
      - "*/*"
      Accept-Encoding:
      - gzip,deflate
      Date:
      - Wed, 15 Apr 2020 02:39:09 GMT
      X-Goog-Api-Client:
      - gl-ruby/2.6.3 gdcl/0.37.3
      Content-Type:
      - application/json
      Authorization:
      - Bearer GOOGLE_TOKEN
  response:
    status:
      code: 200
      message: OK
    headers:
      Cache-Control:
      - no-cache, no-store, max-age=0, must-revalidate
      Pragma:
      - no-cache
      Expires:
      - Mon, 01 Jan 1990 00:00:00 GMT
      Date:
      - Wed, 15 Apr 2020 02:39:09 GMT
      Etag:
      - '"3173836699472000"'
      Vary:
      - Origin
      - X-Origin
      Content-Type:
      - application/json; charset=UTF-8
      Content-Encoding:
      - gzip
      X-Content-Type-Options:
      - nosniff
      X-Frame-Options:
      - SAMEORIGIN
      Content-Security-Policy:
      - frame-ancestors 'self'
      X-Xss-Protection:
      - 1; mode=block
      Server:
      - GSE
      Alt-Svc:
      - quic=":443"; ma=2592000; v="46,43",h3-Q050=":443"; ma=2592000,h3-Q049=":443";
        ma=2592000,h3-Q048=":443"; ma=2592000,h3-Q046=":443"; ma=2592000,h3-Q043=":443";
        ma=2592000,h3-T050=":443"; ma=2592000
      Transfer-Encoding:
      - chunked
    body:
      encoding: UTF-8
      string: |
        {
         "kind": "calendar#event",
         "etag": "\"3173836699472000\"",
         "id": "u9ot0fiptm07v18aqmsr10aifc",
         "status": "confirmed",
         "htmlLink": "https://www.google.com/calendar/event?eid=dTlvdDBmaXB0bTA3djE4YXFtc3IxMGFpZmMgdHlsYWRldm9uQG0",
         "created": "2020-04-15T02:39:09.000Z",
         "updated": "2020-04-15T02:39:09.764Z",
         "summary": "Treat Yo Self to: Swimming",
         "description": "Treat Yo Self",
         "creator": {
          "email": "tyladevon@gmail.com",
          "self": true
         },
         "organizer": {
          "email": "tyladevon@gmail.com",
          "self": true
         },
         "start": {
          "dateTime": "2020-04-13T07:00:00-06:00",
          "timeZone": "America/Denver"
         },
         "end": {
          "dateTime": "2020-04-13T08:00:00-06:00",
          "timeZone": "America/Denver"
         },
         "iCalUID": "u9ot0fiptm07v18aqmsr10aifc@google.com",
         "sequence": 0,
         "reminders": {
          "useDefault": false,
          "overrides": [
           {
            "method": "popup",
            "minutes": 60
           },
           {
            "method": "popup",
            "minutes": 1440
           },
           {
            "method": "email",
            "minutes": 1440
           }
          ]
         }
        }
    http_version: null
  recorded_at: Wed, 15 Apr 2020 02:39:09 GMT
- request:
    method: get
    uri: https://www.googleapis.com/calendar/v3/calendars/primary/events?orderBy=startTime&singleEvents=true&timeMax=2020-04-14T13:31:31-07:00&timeMin=2020-04-13T13:31:31-07:00
    body:
      encoding: UTF-8
      string: ''
    headers:
      User-Agent:
      - Treat Yo Self/0.0.0 google-api-ruby-client/0.37.3 Mac OS X/10.15.2 (gzip)
      Accept:
      - "*/*"
      Accept-Encoding:
      - gzip,deflate
      Date:
      - Wed, 15 Apr 2020 02:39:09 GMT
      X-Goog-Api-Client:
      - gl-ruby/2.6.3 gdcl/0.37.3
      Authorization:
      - Bearer GOOGLE_TOKEN
      Content-Type:
      - application/x-www-form-urlencoded
  response:
    status:
      code: 200
      message: OK
    headers:
      Expires:
      - Wed, 15 Apr 2020 02:39:10 GMT
      Date:
      - Wed, 15 Apr 2020 02:39:10 GMT
      Cache-Control:
      - private, max-age=0, must-revalidate, no-transform
      Vary:
      - Origin
      - X-Origin
      Content-Type:
      - application/json; charset=UTF-8
      Content-Encoding:
      - gzip
      X-Content-Type-Options:
      - nosniff
      X-Frame-Options:
      - SAMEORIGIN
      Content-Security-Policy:
      - frame-ancestors 'self'
      X-Xss-Protection:
      - 1; mode=block
      Server:
      - GSE
      Alt-Svc:
      - quic=":443"; ma=2592000; v="46,43",h3-Q050=":443"; ma=2592000,h3-Q049=":443";
        ma=2592000,h3-Q048=":443"; ma=2592000,h3-Q046=":443"; ma=2592000,h3-Q043=":443";
        ma=2592000,h3-T050=":443"; ma=2592000
      Transfer-Encoding:
      - chunked
    body:
      encoding: UTF-8
      string: |
        {
         "kind": "calendar#events",
         "etag": "\"p32gen6e4mfkug0g\"",
         "summary": "tyladevon@gmail.com",
         "updated": "2020-04-15T02:39:09.764Z",
         "timeZone": "America/Denver",
         "accessRole": "owner",
         "defaultReminders": [
          {
           "method": "popup",
           "minutes": 30
          }
         ],
         "items": [
          {
           "kind": "calendar#event",
           "etag": "\"3169350920812000\"",
           "id": "57nfi5bhl1bcdmc7sj51qmgm6d",
           "status": "confirmed",
           "htmlLink": "https://www.google.com/calendar/event?eid=NTduZmk1YmhsMWJjZG1jN3NqNTFxbWdtNmQgdHlsYWRldm9uQG0",
           "created": "2020-03-13T01:51:50.000Z",
           "updated": "2020-03-20T03:37:40.406Z",
           "summary": "BVSD school cancelled due to virus",
           "colorId": "5",
           "creator": {
            "email": "tyladevon@gmail.com",
            "self": true
           },
           "organizer": {
            "email": "tyladevon@gmail.com",
            "self": true
           },
           "start": {
            "date": "2020-03-13"
           },
           "end": {
            "date": "2020-04-18"
           },
           "transparency": "transparent",
           "iCalUID": "57nfi5bhl1bcdmc7sj51qmgm6d@google.com",
           "sequence": 0,
           "reminders": {
            "useDefault": false
           }
          },
          {
           "kind": "calendar#event",
           "etag": "\"3173733937150000\"",
           "id": "7kj9ks60evl2kctk6v8pqhrhj9",
           "status": "confirmed",
           "htmlLink": "https://www.google.com/calendar/event?eid=N2tqOWtzNjBldmwya2N0azZ2OHBxaHJoajkgdHlsYWRldm9uQG0",
           "created": "2020-04-14T12:22:48.000Z",
           "updated": "2020-04-14T12:22:48.575Z",
           "summary": "Practice interview questions/Twitter",
           "creator": {
            "email": "tyladevon@gmail.com",
            "self": true
           },
           "organizer": {
            "email": "tyladevon@gmail.com",
            "self": true
           },
           "start": {
            "dateTime": "2020-04-13T20:00:00-06:00"
           },
           "end": {
            "dateTime": "2020-04-13T21:00:00-06:00"
           },
           "iCalUID": "7kj9ks60evl2kctk6v8pqhrhj9@google.com",
           "sequence": 0,
           "reminders": {
            "useDefault": true
           }
          },
          {
           "kind": "calendar#event",
           "etag": "\"3173741974370000\"",
           "id": "44t3f507cdrjrqjgmvlgko2174",
           "status": "confirmed",
           "htmlLink": "https://www.google.com/calendar/event?eid=NDR0M2Y1MDdjZHJqcnFqZ212bGdrbzIxNzQgdHlsYWRldm9uQG0",
           "created": "2020-04-14T12:23:06.000Z",
           "updated": "2020-04-14T13:29:47.185Z",
           "summary": "GU Slides/Twitter practice",
           "creator": {
            "email": "tyladevon@gmail.com",
            "self": true
           },
           "organizer": {
            "email": "tyladevon@gmail.com",
            "self": true
           },
           "start": {
            "dateTime": "2020-04-14T06:30:00-06:00"
           },
           "end": {
            "dateTime": "2020-04-14T08:30:00-06:00"
           },
           "iCalUID": "44t3f507cdrjrqjgmvlgko2174@google.com",
           "sequence": 0,
           "reminders": {
            "useDefault": true
           }
          },
          {
           "kind": "calendar#event",
           "etag": "\"3173787351100000\"",
           "id": "4gv4h00grhncata4oa31u033nb_20200414T200000Z",
           "status": "confirmed",
           "htmlLink": "https://www.google.com/calendar/event?eid=NGd2NGgwMGdyaG5jYXRhNG9hMzF1MDMzbmJfMjAyMDA0MTRUMjAwMDAwWiB0eWxhZGV2b25AbQ",
           "created": "2020-04-02T16:26:41.000Z",
           "updated": "2020-04-14T19:47:55.550Z",
           "summary": "Luna reading meeting",
           "colorId": "4",
           "creator": {
            "email": "tyladevon@gmail.com",
            "self": true
           },
           "organizer": {
            "email": "tyladevon@gmail.com",
            "self": true
           },
           "start": {
            "dateTime": "2020-04-14T10:00:00-06:00",
            "timeZone": "America/Denver"
           },
           "end": {
            "dateTime": "2020-04-14T10:30:00-06:00",
            "timeZone": "America/Denver"
           },
           "recurringEventId": "4gv4h00grhncata4oa31u033nb",
           "originalStartTime": {
            "dateTime": "2020-04-14T14:00:00-06:00",
            "timeZone": "America/Denver"
           },
           "iCalUID": "4gv4h00grhncata4oa31u033nb@google.com",
           "sequence": 2,
           "reminders": {
            "useDefault": true
           }
          },
          {
           "kind": "calendar#event",
           "etag": "\"3173787373918000\"",
           "id": "7om2323af5t2vrbvnq4rhi9go0",
           "status": "confirmed",
           "htmlLink": "https://www.google.com/calendar/event?eid=N29tMjMyM2FmNXQydnJidm5xNHJoaTlnbzAgdHlsYWRldm9uQG0",
           "created": "2020-04-10T19:38:46.000Z",
           "updated": "2020-04-14T19:48:06.959Z",
           "summary": "Meet with Brian/Twitter",
           "creator": {
            "email": "tyladevon@gmail.com",
            "self": true
           },
           "organizer": {
            "email": "tyladevon@gmail.com",
            "self": true
           },
           "start": {
            "dateTime": "2020-04-14T14:15:00-06:00"
           },
           "end": {
            "dateTime": "2020-04-14T15:00:00-06:00"
           },
           "iCalUID": "7om2323af5t2vrbvnq4rhi9go0@google.com",
           "sequence": 1,
           "reminders": {
            "useDefault": true
           }
          }
         ]
        }
    http_version: null
  recorded_at: Wed, 15 Apr 2020 02:39:10 GMT
- request:
    method: post
    uri: https://www.googleapis.com/calendar/v3/calendars/primary/events
    body:
      encoding: UTF-8
      string: '{"description":"Treat Yo Self","end":{"dateTime":"2020-04-13T09:00:00+00:00","timeZone":"America/Denver"},"reminders":{"overrides":[{"method":"email","minutes":1440},{"method":"popup","minutes":1440},{"method":"popup","minutes":60}],"useDefault":false},"start":{"dateTime":"2020-04-13T08:00:00+00:00","timeZone":"America/Denver"},"summary":"Treat
        Yo Self to: Yoga"}'
    headers:
      User-Agent:
      - Treat Yo Self/0.0.0 google-api-ruby-client/0.37.3 Mac OS X/10.15.2 (gzip)
      Accept:
      - "*/*"
      Accept-Encoding:
      - gzip,deflate
      Date:
      - Wed, 15 Apr 2020 02:39:10 GMT
      X-Goog-Api-Client:
      - gl-ruby/2.6.3 gdcl/0.37.3
      Content-Type:
      - application/json
      Authorization:
      - Bearer GOOGLE_TOKEN
  response:
    status:
      code: 200
      message: OK
    headers:
      Cache-Control:
      - no-cache, no-store, max-age=0, must-revalidate
      Pragma:
      - no-cache
      Expires:
      - Mon, 01 Jan 1990 00:00:00 GMT
      Date:
      - Wed, 15 Apr 2020 02:39:10 GMT
      Etag:
      - '"3173836700677000"'
      Vary:
      - Origin
      - X-Origin
      Content-Type:
      - application/json; charset=UTF-8
      Content-Encoding:
      - gzip
      X-Content-Type-Options:
      - nosniff
      X-Frame-Options:
      - SAMEORIGIN
      Content-Security-Policy:
      - frame-ancestors 'self'
      X-Xss-Protection:
      - 1; mode=block
      Server:
      - GSE
      Alt-Svc:
      - quic=":443"; ma=2592000; v="46,43",h3-Q050=":443"; ma=2592000,h3-Q049=":443";
        ma=2592000,h3-Q048=":443"; ma=2592000,h3-Q046=":443"; ma=2592000,h3-Q043=":443";
        ma=2592000,h3-T050=":443"; ma=2592000
      Transfer-Encoding:
      - chunked
    body:
      encoding: UTF-8
      string: |
        {
         "kind": "calendar#event",
         "etag": "\"3173836700677000\"",
         "id": "ea10bag5tvg5uc5nt4p2di69lg",
         "status": "confirmed",
         "htmlLink": "https://www.google.com/calendar/event?eid=ZWExMGJhZzV0dmc1dWM1bnQ0cDJkaTY5bGcgdHlsYWRldm9uQG0",
         "created": "2020-04-15T02:39:10.000Z",
         "updated": "2020-04-15T02:39:10.365Z",
         "summary": "Treat Yo Self to: Yoga",
         "description": "Treat Yo Self",
         "creator": {
          "email": "tyladevon@gmail.com",
          "self": true
         },
         "organizer": {
          "email": "tyladevon@gmail.com",
          "self": true
         },
         "start": {
          "dateTime": "2020-04-13T02:00:00-06:00",
          "timeZone": "America/Denver"
         },
         "end": {
          "dateTime": "2020-04-13T03:00:00-06:00",
          "timeZone": "America/Denver"
         },
         "iCalUID": "ea10bag5tvg5uc5nt4p2di69lg@google.com",
         "sequence": 0,
         "reminders": {
          "useDefault": false,
          "overrides": [
           {
            "method": "popup",
            "minutes": 1440
           },
           {
            "method": "email",
            "minutes": 1440
           },
           {
            "method": "popup",
            "minutes": 60
           }
          ]
         }
        }
    http_version: null
  recorded_at: Wed, 15 Apr 2020 02:39:10 GMT
- request:
    method: get
    uri: https://www.googleapis.com/calendar/v3/calendars/primary/events?orderBy=startTime&singleEvents=true&timeMax=2020-04-14T13:31:31-07:00&timeMin=2020-04-13T13:31:31-07:00
    body:
      encoding: UTF-8
      string: ''
    headers:
      User-Agent:
      - Treat Yo Self/0.0.0 google-api-ruby-client/0.37.3 Mac OS X/10.15.2 (gzip)
      Accept:
      - "*/*"
      Accept-Encoding:
      - gzip,deflate
      Date:
      - Wed, 15 Apr 2020 02:39:10 GMT
      X-Goog-Api-Client:
      - gl-ruby/2.6.3 gdcl/0.37.3
      Authorization:
      - Bearer GOOGLE_TOKEN
      Content-Type:
      - application/x-www-form-urlencoded
  response:
    status:
      code: 200
      message: OK
    headers:
      Expires:
      - Wed, 15 Apr 2020 02:39:10 GMT
      Date:
      - Wed, 15 Apr 2020 02:39:10 GMT
      Cache-Control:
      - private, max-age=0, must-revalidate, no-transform
      Vary:
      - Origin
      - X-Origin
      Content-Type:
      - application/json; charset=UTF-8
      Content-Encoding:
      - gzip
      X-Content-Type-Options:
      - nosniff
      X-Frame-Options:
      - SAMEORIGIN
      Content-Security-Policy:
      - frame-ancestors 'self'
      X-Xss-Protection:
      - 1; mode=block
      Server:
      - GSE
      Alt-Svc:
      - quic=":443"; ma=2592000; v="46,43",h3-Q050=":443"; ma=2592000,h3-Q049=":443";
        ma=2592000,h3-Q048=":443"; ma=2592000,h3-Q046=":443"; ma=2592000,h3-Q043=":443";
        ma=2592000,h3-T050=":443"; ma=2592000
      Transfer-Encoding:
      - chunked
    body:
      encoding: UTF-8
      string: |
        {
         "kind": "calendar#events",
         "etag": "\"p334c5fm4mfkug0g\"",
         "summary": "tyladevon@gmail.com",
         "updated": "2020-04-15T02:39:10.365Z",
         "timeZone": "America/Denver",
         "accessRole": "owner",
         "defaultReminders": [
          {
           "method": "popup",
           "minutes": 30
          }
         ],
         "items": [
          {
           "kind": "calendar#event",
           "etag": "\"3169350920812000\"",
           "id": "57nfi5bhl1bcdmc7sj51qmgm6d",
           "status": "confirmed",
           "htmlLink": "https://www.google.com/calendar/event?eid=NTduZmk1YmhsMWJjZG1jN3NqNTFxbWdtNmQgdHlsYWRldm9uQG0",
           "created": "2020-03-13T01:51:50.000Z",
           "updated": "2020-03-20T03:37:40.406Z",
           "summary": "BVSD school cancelled due to virus",
           "colorId": "5",
           "creator": {
            "email": "tyladevon@gmail.com",
            "self": true
           },
           "organizer": {
            "email": "tyladevon@gmail.com",
            "self": true
           },
           "start": {
            "date": "2020-03-13"
           },
           "end": {
            "date": "2020-04-18"
           },
           "transparency": "transparent",
           "iCalUID": "57nfi5bhl1bcdmc7sj51qmgm6d@google.com",
           "sequence": 0,
           "reminders": {
            "useDefault": false
           }
          },
          {
           "kind": "calendar#event",
           "etag": "\"3173733937150000\"",
           "id": "7kj9ks60evl2kctk6v8pqhrhj9",
           "status": "confirmed",
           "htmlLink": "https://www.google.com/calendar/event?eid=N2tqOWtzNjBldmwya2N0azZ2OHBxaHJoajkgdHlsYWRldm9uQG0",
           "created": "2020-04-14T12:22:48.000Z",
           "updated": "2020-04-14T12:22:48.575Z",
           "summary": "Practice interview questions/Twitter",
           "creator": {
            "email": "tyladevon@gmail.com",
            "self": true
           },
           "organizer": {
            "email": "tyladevon@gmail.com",
            "self": true
           },
           "start": {
            "dateTime": "2020-04-13T20:00:00-06:00"
           },
           "end": {
            "dateTime": "2020-04-13T21:00:00-06:00"
           },
           "iCalUID": "7kj9ks60evl2kctk6v8pqhrhj9@google.com",
           "sequence": 0,
           "reminders": {
            "useDefault": true
           }
          },
          {
           "kind": "calendar#event",
           "etag": "\"3173741974370000\"",
           "id": "44t3f507cdrjrqjgmvlgko2174",
           "status": "confirmed",
           "htmlLink": "https://www.google.com/calendar/event?eid=NDR0M2Y1MDdjZHJqcnFqZ212bGdrbzIxNzQgdHlsYWRldm9uQG0",
           "created": "2020-04-14T12:23:06.000Z",
           "updated": "2020-04-14T13:29:47.185Z",
           "summary": "GU Slides/Twitter practice",
           "creator": {
            "email": "tyladevon@gmail.com",
            "self": true
           },
           "organizer": {
            "email": "tyladevon@gmail.com",
            "self": true
           },
           "start": {
            "dateTime": "2020-04-14T06:30:00-06:00"
           },
           "end": {
            "dateTime": "2020-04-14T08:30:00-06:00"
           },
           "iCalUID": "44t3f507cdrjrqjgmvlgko2174@google.com",
           "sequence": 0,
           "reminders": {
            "useDefault": true
           }
          },
          {
           "kind": "calendar#event",
           "etag": "\"3173787351100000\"",
           "id": "4gv4h00grhncata4oa31u033nb_20200414T200000Z",
           "status": "confirmed",
           "htmlLink": "https://www.google.com/calendar/event?eid=NGd2NGgwMGdyaG5jYXRhNG9hMzF1MDMzbmJfMjAyMDA0MTRUMjAwMDAwWiB0eWxhZGV2b25AbQ",
           "created": "2020-04-02T16:26:41.000Z",
           "updated": "2020-04-14T19:47:55.550Z",
           "summary": "Luna reading meeting",
           "colorId": "4",
           "creator": {
            "email": "tyladevon@gmail.com",
            "self": true
           },
           "organizer": {
            "email": "tyladevon@gmail.com",
            "self": true
           },
           "start": {
            "dateTime": "2020-04-14T10:00:00-06:00",
            "timeZone": "America/Denver"
           },
           "end": {
            "dateTime": "2020-04-14T10:30:00-06:00",
            "timeZone": "America/Denver"
           },
           "recurringEventId": "4gv4h00grhncata4oa31u033nb",
           "originalStartTime": {
            "dateTime": "2020-04-14T14:00:00-06:00",
            "timeZone": "America/Denver"
           },
           "iCalUID": "4gv4h00grhncata4oa31u033nb@google.com",
           "sequence": 2,
           "reminders": {
            "useDefault": true
           }
          },
          {
           "kind": "calendar#event",
           "etag": "\"3173787373918000\"",
           "id": "7om2323af5t2vrbvnq4rhi9go0",
           "status": "confirmed",
           "htmlLink": "https://www.google.com/calendar/event?eid=N29tMjMyM2FmNXQydnJidm5xNHJoaTlnbzAgdHlsYWRldm9uQG0",
           "created": "2020-04-10T19:38:46.000Z",
           "updated": "2020-04-14T19:48:06.959Z",
           "summary": "Meet with Brian/Twitter",
           "creator": {
            "email": "tyladevon@gmail.com",
            "self": true
           },
           "organizer": {
            "email": "tyladevon@gmail.com",
            "self": true
           },
           "start": {
            "dateTime": "2020-04-14T14:15:00-06:00"
           },
           "end": {
            "dateTime": "2020-04-14T15:00:00-06:00"
           },
           "iCalUID": "7om2323af5t2vrbvnq4rhi9go0@google.com",
           "sequence": 1,
           "reminders": {
            "useDefault": true
           }
          }
         ]
        }
    http_version: null
  recorded_at: Wed, 15 Apr 2020 02:39:10 GMT
- request:
    method: post
    uri: https://www.googleapis.com/calendar/v3/calendars/primary/events
    body:
      encoding: UTF-8
      string: '{"description":"Treat Yo Self","end":{"dateTime":"2020-04-13T15:00:00+00:00","timeZone":"America/Denver"},"reminders":{"overrides":[{"method":"email","minutes":1440},{"method":"popup","minutes":1440},{"method":"popup","minutes":60}],"useDefault":false},"start":{"dateTime":"2020-04-13T14:00:00+00:00","timeZone":"America/Denver"},"summary":"Treat
        Yo Self to: Hike"}'
    headers:
      User-Agent:
      - Treat Yo Self/0.0.0 google-api-ruby-client/0.37.3 Mac OS X/10.15.2 (gzip)
      Accept:
      - "*/*"
      Accept-Encoding:
      - gzip,deflate
      Date:
      - Wed, 15 Apr 2020 02:39:10 GMT
      X-Goog-Api-Client:
      - gl-ruby/2.6.3 gdcl/0.37.3
      Content-Type:
      - application/json
      Authorization:
      - Bearer GOOGLE_TOKEN
  response:
    status:
      code: 200
      message: OK
    headers:
      Cache-Control:
      - no-cache, no-store, max-age=0, must-revalidate
      Pragma:
      - no-cache
      Expires:
      - Mon, 01 Jan 1990 00:00:00 GMT
      Date:
      - Wed, 15 Apr 2020 02:39:11 GMT
      Etag:
      - '"3173836701797000"'
      Vary:
      - Origin
      - X-Origin
      Content-Type:
      - application/json; charset=UTF-8
      Content-Encoding:
      - gzip
      X-Content-Type-Options:
      - nosniff
      X-Frame-Options:
      - SAMEORIGIN
      Content-Security-Policy:
      - frame-ancestors 'self'
      X-Xss-Protection:
      - 1; mode=block
      Server:
      - GSE
      Alt-Svc:
      - quic=":443"; ma=2592000; v="46,43",h3-Q050=":443"; ma=2592000,h3-Q049=":443";
        ma=2592000,h3-Q048=":443"; ma=2592000,h3-Q046=":443"; ma=2592000,h3-Q043=":443";
        ma=2592000,h3-T050=":443"; ma=2592000
      Transfer-Encoding:
      - chunked
    body:
      encoding: UTF-8
      string: |
        {
         "kind": "calendar#event",
         "etag": "\"3173836701797000\"",
         "id": "tolt8dno8qe7meqojn7u6f294c",
         "status": "confirmed",
         "htmlLink": "https://www.google.com/calendar/event?eid=dG9sdDhkbm84cWU3bWVxb2puN3U2ZjI5NGMgdHlsYWRldm9uQG0",
         "created": "2020-04-15T02:39:10.000Z",
         "updated": "2020-04-15T02:39:10.933Z",
         "summary": "Treat Yo Self to: Hike",
         "description": "Treat Yo Self",
         "creator": {
          "email": "tyladevon@gmail.com",
          "self": true
         },
         "organizer": {
          "email": "tyladevon@gmail.com",
          "self": true
         },
         "start": {
          "dateTime": "2020-04-13T08:00:00-06:00",
          "timeZone": "America/Denver"
         },
         "end": {
          "dateTime": "2020-04-13T09:00:00-06:00",
          "timeZone": "America/Denver"
         },
         "iCalUID": "tolt8dno8qe7meqojn7u6f294c@google.com",
         "sequence": 0,
         "reminders": {
          "useDefault": false,
          "overrides": [
           {
            "method": "popup",
            "minutes": 60
           },
           {
            "method": "email",
            "minutes": 1440
           },
           {
            "method": "popup",
            "minutes": 1440
           }
          ]
         }
        }
    http_version: null
  recorded_at: Wed, 15 Apr 2020 02:39:11 GMT
- request:
    method: get
    uri: https://www.googleapis.com/calendar/v3/calendars/primary/events?orderBy=startTime&singleEvents=true&timeMax=2020-04-14T13:31:31-07:00&timeMin=2020-04-13T13:31:31-07:00
    body:
      encoding: UTF-8
      string: ''
    headers:
      User-Agent:
      - Treat Yo Self/0.0.0 google-api-ruby-client/0.37.3 Mac OS X/10.15.2 (gzip)
      Accept:
      - "*/*"
      Accept-Encoding:
      - gzip,deflate
      Date:
      - Wed, 15 Apr 2020 02:39:11 GMT
      X-Goog-Api-Client:
      - gl-ruby/2.6.3 gdcl/0.37.3
      Authorization:
      - Bearer GOOGLE_TOKEN
      Content-Type:
      - application/x-www-form-urlencoded
  response:
    status:
      code: 200
      message: OK
    headers:
      Expires:
      - Wed, 15 Apr 2020 02:39:11 GMT
      Date:
      - Wed, 15 Apr 2020 02:39:11 GMT
      Cache-Control:
      - private, max-age=0, must-revalidate, no-transform
      Vary:
      - Origin
      - X-Origin
      Content-Type:
      - application/json; charset=UTF-8
      Content-Encoding:
      - gzip
      X-Content-Type-Options:
      - nosniff
      X-Frame-Options:
      - SAMEORIGIN
      Content-Security-Policy:
      - frame-ancestors 'self'
      X-Xss-Protection:
      - 1; mode=block
      Server:
      - GSE
      Alt-Svc:
      - quic=":443"; ma=2592000; v="46,43",h3-Q050=":443"; ma=2592000,h3-Q049=":443";
        ma=2592000,h3-Q048=":443"; ma=2592000,h3-Q046=":443"; ma=2592000,h3-Q043=":443";
        ma=2592000,h3-T050=":443"; ma=2592000
      Transfer-Encoding:
      - chunked
    body:
      encoding: UTF-8
      string: |
        {
         "kind": "calendar#events",
         "etag": "\"p3249hoe4mfkug0g\"",
         "summary": "tyladevon@gmail.com",
         "updated": "2020-04-15T02:39:10.933Z",
         "timeZone": "America/Denver",
         "accessRole": "owner",
         "defaultReminders": [
          {
           "method": "popup",
           "minutes": 30
          }
         ],
         "items": [
          {
           "kind": "calendar#event",
           "etag": "\"3169350920812000\"",
           "id": "57nfi5bhl1bcdmc7sj51qmgm6d",
           "status": "confirmed",
           "htmlLink": "https://www.google.com/calendar/event?eid=NTduZmk1YmhsMWJjZG1jN3NqNTFxbWdtNmQgdHlsYWRldm9uQG0",
           "created": "2020-03-13T01:51:50.000Z",
           "updated": "2020-03-20T03:37:40.406Z",
           "summary": "BVSD school cancelled due to virus",
           "colorId": "5",
           "creator": {
            "email": "tyladevon@gmail.com",
            "self": true
           },
           "organizer": {
            "email": "tyladevon@gmail.com",
            "self": true
           },
           "start": {
            "date": "2020-03-13"
           },
           "end": {
            "date": "2020-04-18"
           },
           "transparency": "transparent",
           "iCalUID": "57nfi5bhl1bcdmc7sj51qmgm6d@google.com",
           "sequence": 0,
           "reminders": {
            "useDefault": false
           }
          },
          {
           "kind": "calendar#event",
           "etag": "\"3173733937150000\"",
           "id": "7kj9ks60evl2kctk6v8pqhrhj9",
           "status": "confirmed",
           "htmlLink": "https://www.google.com/calendar/event?eid=N2tqOWtzNjBldmwya2N0azZ2OHBxaHJoajkgdHlsYWRldm9uQG0",
           "created": "2020-04-14T12:22:48.000Z",
           "updated": "2020-04-14T12:22:48.575Z",
           "summary": "Practice interview questions/Twitter",
           "creator": {
            "email": "tyladevon@gmail.com",
            "self": true
           },
           "organizer": {
            "email": "tyladevon@gmail.com",
            "self": true
           },
           "start": {
            "dateTime": "2020-04-13T20:00:00-06:00"
           },
           "end": {
            "dateTime": "2020-04-13T21:00:00-06:00"
           },
           "iCalUID": "7kj9ks60evl2kctk6v8pqhrhj9@google.com",
           "sequence": 0,
           "reminders": {
            "useDefault": true
           }
          },
          {
           "kind": "calendar#event",
           "etag": "\"3173741974370000\"",
           "id": "44t3f507cdrjrqjgmvlgko2174",
           "status": "confirmed",
           "htmlLink": "https://www.google.com/calendar/event?eid=NDR0M2Y1MDdjZHJqcnFqZ212bGdrbzIxNzQgdHlsYWRldm9uQG0",
           "created": "2020-04-14T12:23:06.000Z",
           "updated": "2020-04-14T13:29:47.185Z",
           "summary": "GU Slides/Twitter practice",
           "creator": {
            "email": "tyladevon@gmail.com",
            "self": true
           },
           "organizer": {
            "email": "tyladevon@gmail.com",
            "self": true
           },
           "start": {
            "dateTime": "2020-04-14T06:30:00-06:00"
           },
           "end": {
            "dateTime": "2020-04-14T08:30:00-06:00"
           },
           "iCalUID": "44t3f507cdrjrqjgmvlgko2174@google.com",
           "sequence": 0,
           "reminders": {
            "useDefault": true
           }
          },
          {
           "kind": "calendar#event",
           "etag": "\"3173787351100000\"",
           "id": "4gv4h00grhncata4oa31u033nb_20200414T200000Z",
           "status": "confirmed",
           "htmlLink": "https://www.google.com/calendar/event?eid=NGd2NGgwMGdyaG5jYXRhNG9hMzF1MDMzbmJfMjAyMDA0MTRUMjAwMDAwWiB0eWxhZGV2b25AbQ",
           "created": "2020-04-02T16:26:41.000Z",
           "updated": "2020-04-14T19:47:55.550Z",
           "summary": "Luna reading meeting",
           "colorId": "4",
           "creator": {
            "email": "tyladevon@gmail.com",
            "self": true
           },
           "organizer": {
            "email": "tyladevon@gmail.com",
            "self": true
           },
           "start": {
            "dateTime": "2020-04-14T10:00:00-06:00",
            "timeZone": "America/Denver"
           },
           "end": {
            "dateTime": "2020-04-14T10:30:00-06:00",
            "timeZone": "America/Denver"
           },
           "recurringEventId": "4gv4h00grhncata4oa31u033nb",
           "originalStartTime": {
            "dateTime": "2020-04-14T14:00:00-06:00",
            "timeZone": "America/Denver"
           },
           "iCalUID": "4gv4h00grhncata4oa31u033nb@google.com",
           "sequence": 2,
           "reminders": {
            "useDefault": true
           }
          },
          {
           "kind": "calendar#event",
           "etag": "\"3173787373918000\"",
           "id": "7om2323af5t2vrbvnq4rhi9go0",
           "status": "confirmed",
           "htmlLink": "https://www.google.com/calendar/event?eid=N29tMjMyM2FmNXQydnJidm5xNHJoaTlnbzAgdHlsYWRldm9uQG0",
           "created": "2020-04-10T19:38:46.000Z",
           "updated": "2020-04-14T19:48:06.959Z",
           "summary": "Meet with Brian/Twitter",
           "creator": {
            "email": "tyladevon@gmail.com",
            "self": true
           },
           "organizer": {
            "email": "tyladevon@gmail.com",
            "self": true
           },
           "start": {
            "dateTime": "2020-04-14T14:15:00-06:00"
           },
           "end": {
            "dateTime": "2020-04-14T15:00:00-06:00"
           },
           "iCalUID": "7om2323af5t2vrbvnq4rhi9go0@google.com",
           "sequence": 1,
           "reminders": {
            "useDefault": true
           }
          }
         ]
        }
    http_version: null
  recorded_at: Wed, 15 Apr 2020 02:39:11 GMT
- request:
    method: post
    uri: https://www.googleapis.com/calendar/v3/calendars/primary/events
    body:
      encoding: UTF-8
      string: '{"description":"Treat Yo Self","end":{"dateTime":"2020-04-13T18:00:00+00:00","timeZone":"America/Denver"},"reminders":{"overrides":[{"method":"email","minutes":1440},{"method":"popup","minutes":1440},{"method":"popup","minutes":60}],"useDefault":false},"start":{"dateTime":"2020-04-13T17:00:00+00:00","timeZone":"America/Denver"},"summary":"Treat
        Yo Self to: Yoga"}'
    headers:
      User-Agent:
      - Treat Yo Self/0.0.0 google-api-ruby-client/0.37.3 Mac OS X/10.15.2 (gzip)
      Accept:
      - "*/*"
      Accept-Encoding:
      - gzip,deflate
      Date:
      - Wed, 15 Apr 2020 02:39:11 GMT
      X-Goog-Api-Client:
      - gl-ruby/2.6.3 gdcl/0.37.3
      Content-Type:
      - application/json
      Authorization:
      - Bearer GOOGLE_TOKEN
  response:
    status:
      code: 200
      message: OK
    headers:
      Cache-Control:
      - no-cache, no-store, max-age=0, must-revalidate
      Pragma:
      - no-cache
      Expires:
      - Mon, 01 Jan 1990 00:00:00 GMT
      Date:
      - Wed, 15 Apr 2020 02:39:11 GMT
      Etag:
      - '"3173836703008000"'
      Vary:
      - Origin
      - X-Origin
      Content-Type:
      - application/json; charset=UTF-8
      Content-Encoding:
      - gzip
      X-Content-Type-Options:
      - nosniff
      X-Frame-Options:
      - SAMEORIGIN
      Content-Security-Policy:
      - frame-ancestors 'self'
      X-Xss-Protection:
      - 1; mode=block
      Server:
      - GSE
      Alt-Svc:
      - quic=":443"; ma=2592000; v="46,43",h3-Q050=":443"; ma=2592000,h3-Q049=":443";
        ma=2592000,h3-Q048=":443"; ma=2592000,h3-Q046=":443"; ma=2592000,h3-Q043=":443";
        ma=2592000,h3-T050=":443"; ma=2592000
      Transfer-Encoding:
      - chunked
    body:
      encoding: UTF-8
      string: |
        {
         "kind": "calendar#event",
         "etag": "\"3173836703008000\"",
         "id": "evm5ae9ne3e0pdu8hkd476alc8",
         "status": "confirmed",
         "htmlLink": "https://www.google.com/calendar/event?eid=ZXZtNWFlOW5lM2UwcGR1OGhrZDQ3NmFsYzggdHlsYWRldm9uQG0",
         "created": "2020-04-15T02:39:11.000Z",
         "updated": "2020-04-15T02:39:11.535Z",
         "summary": "Treat Yo Self to: Yoga",
         "description": "Treat Yo Self",
         "creator": {
          "email": "tyladevon@gmail.com",
          "self": true
         },
         "organizer": {
          "email": "tyladevon@gmail.com",
          "self": true
         },
         "start": {
          "dateTime": "2020-04-13T11:00:00-06:00",
          "timeZone": "America/Denver"
         },
         "end": {
          "dateTime": "2020-04-13T12:00:00-06:00",
          "timeZone": "America/Denver"
         },
         "iCalUID": "evm5ae9ne3e0pdu8hkd476alc8@google.com",
         "sequence": 0,
         "reminders": {
          "useDefault": false,
          "overrides": [
           {
            "method": "popup",
            "minutes": 60
           },
           {
            "method": "popup",
            "minutes": 1440
           },
           {
            "method": "email",
            "minutes": 1440
           }
          ]
         }
        }
    http_version: null
  recorded_at: Wed, 15 Apr 2020 02:39:11 GMT
recorded_with: VCR 5.1.0
